[32m[Nest] 24896  - [39m04/09/2026, 11:52:29 pm [32m    LOG[39m [38;5;3m[NestFactory] [39m[32mStarting Nest application...[39m
[32m[Nest] 24896  - [39m04/09/2026, 11:52:29 pm [32m    LOG[39m [38;5;3m[InstanceLoader] [39m[32mPrismaModule dependencies initialized[39m[38;5;3m +29ms[39m
[32m[Nest] 24896  - [39m04/09/2026, 11:52:29 pm [32m    LOG[39m [38;5;3m[InstanceLoader] [39m[32mAuditModule dependencies initialized[39m[38;5;3m +4ms[39m
[32m[Nest] 24896  - [39m04/09/2026, 11:52:29 pm [32m    LOG[39m [38;5;3m[InstanceLoader] [39m[32mConfigHostModule dependencies initialized[39m[38;5;3m +0ms[39m
[32m[Nest] 24896  - [39m04/09/2026, 11:52:29 pm [32m    LOG[39m [38;5;3m[InstanceLoader] [39m[32mAuditModule dependencies initialized[39m[38;5;3m +1ms[39m
[32m[Nest] 24896  - [39m04/09/2026, 11:52:29 pm [32m    LOG[39m [38;5;3m[InstanceLoader] [39m[32mHealthModule dependencies initialized[39m[38;5;3m +0ms[39m
[32m[Nest] 24896  - [39m04/09/2026, 11:52:29 pm [32m    LOG[39m [38;5;3m[InstanceLoader] [39m[32mDashboardModule dependencies initialized[39m[38;5;3m +1ms[39m
[32m[Nest] 24896  - [39m04/09/2026, 11:52:29 pm [32m    LOG[39m [38;5;3m[InstanceLoader] [39m[32mConfigModule dependencies initialized[39m[38;5;3m +4ms[39m
[32m[Nest] 24896  - [39m04/09/2026, 11:52:29 pm [32m    LOG[39m [38;5;3m[InstanceLoader] [39m[32mConfigModule dependencies initialized[39m[38;5;3m +0ms[39m
[32m[Nest] 24896  - [39m04/09/2026, 11:52:29 pm [32m    LOG[39m [38;5;3m[InstanceLoader] [39m[32mCustomersModule dependencies initialized[39m[38;5;3m +2ms[39m
[32m[Nest] 24896  - [39m04/09/2026, 11:52:29 pm [32m    LOG[39m [38;5;3m[InstanceLoader] [39m[32mCropsModule dependencies initialized[39m[38;5;3m +1ms[39m
[32m[Nest] 24896  - [39m04/09/2026, 11:52:29 pm [32m    LOG[39m [38;5;3m[InstanceLoader] [39m[32mLeadsModule dependencies initialized[39m[38;5;3m +1ms[39m
[32m[Nest] 24896  - [39m04/09/2026, 11:52:29 pm [32m    LOG[39m [38;5;3m[InstanceLoader] [39m[32mFollowUpsModule dependencies initialized[39m[38;5;3m +0ms[39m
[32m[Nest] 24896  - [39m04/09/2026, 11:52:29 pm [32m    LOG[39m [38;5;3m[InstanceLoader] [39m[32mRelationshipModule dependencies initialized[39m[38;5;3m +0ms[39m
[32m[Nest] 24896  - [39m04/09/2026, 11:52:29 pm [32m    LOG[39m [38;5;3m[InstanceLoader] [39m[32mEmployeesModule dependencies initialized[39m[38;5;3m +1ms[39m
[32m[Nest] 24896  - [39m04/09/2026, 11:52:29 pm [32m    LOG[39m [38;5;3m[InstanceLoader] [39m[32mJwtModule dependencies initialized[39m[38;5;3m +0ms[39m
[32m[Nest] 24896  - [39m04/09/2026, 11:52:29 pm [32m    LOG[39m [38;5;3m[InstanceLoader] [39m[32mMessagingModule dependencies initialized[39m[38;5;3m +1ms[39m
[32m[Nest] 24896  - [39m04/09/2026, 11:52:29 pm [32m    LOG[39m [38;5;3m[InstanceLoader] [39m[32mAssistantModule dependencies initialized[39m[38;5;3m +0ms[39m
[32m[Nest] 24896  - [39m04/09/2026, 11:52:29 pm [32m    LOG[39m [38;5;3m[InstanceLoader] [39m[32mAppModule dependencies initialized[39m[38;5;3m +1ms[39m
[32m[Nest] 24896  - [39m04/09/2026, 11:52:29 pm [32m    LOG[39m [38;5;3m[InstanceLoader] [39m[32mAuthModule dependencies initialized[39m[38;5;3m +0ms[39m
[32m[Nest] 24896  - [39m04/09/2026, 11:52:29 pm [32m    LOG[39m [38;5;3m[InstanceLoader] [39m[32mCallsModule dependencies initialized[39m[38;5;3m +0ms[39m
[32m[Nest] 24896  - [39m04/09/2026, 11:52:29 pm [32m    LOG[39m [38;5;3m[RoutesResolver] [39m[32mAuditController {/api/v1/audit}:[39m[38;5;3m +36ms[39m
[32m[Nest] 24896  - [39m04/09/2026, 11:52:29 pm [32m    LOG[39m [38;5;3m[RouterExplorer] [39m[32mMapped {/api/v1/audit, GET} route[39m[38;5;3m +5ms[39m
[32m[Nest] 24896  - [39m04/09/2026, 11:52:29 pm [32m    LOG[39m [38;5;3m[RoutesResolver] [39m[32mAuthController {/api/v1/auth}:[39m[38;5;3m +1ms[39m
[32m[Nest] 24896  - [39m04/09/2026, 11:52:29 pm [32m    LOG[39m [38;5;3m[RouterExplorer] [39m[32mMapped {/api/v1/auth/login, POST} route[39m[38;5;3m +1ms[39m
[32m[Nest] 24896  - [39m04/09/2026, 11:52:29 pm [32m    LOG[39m [38;5;3m[RouterExplorer] [39m[32mMapped {/api/v1/auth/refresh, POST} route[39m[38;5;3m +0ms[39m
[32m[Nest] 24896  - [39m04/09/2026, 11:52:29 pm [32m    LOG[39m [38;5;3m[RouterExplorer] [39m[32mMapped {/api/v1/auth/logout, POST} route[39m[38;5;3m +1ms[39m
[32m[Nest] 24896  - [39m04/09/2026, 11:52:29 pm [32m    LOG[39m [38;5;3m[RouterExplorer] [39m[32mMapped {/api/v1/auth/me, GET} route[39m[38;5;3m +1ms[39m
[32m[Nest] 24896  - [39m04/09/2026, 11:52:29 pm [32m    LOG[39m [38;5;3m[RouterExplorer] [39m[32mMapped {/api/v1/auth/change-password, POST} route[39m[38;5;3m +0ms[39m
[32m[Nest] 24896  - [39m04/09/2026, 11:52:29 pm [32m    LOG[39m [38;5;3m[RoutesResolver] [39m[32mEmployeesController {/api/v1/employees}:[39m[38;5;3m +1ms[39m
[32m[Nest] 24896  - [39m04/09/2026, 11:52:29 pm [32m    LOG[39m [38;5;3m[RouterExplorer] [39m[32mMapped {/api/v1/employees, GET} route[39m[38;5;3m +1ms[39m
[32m[Nest] 24896  - [39m04/09/2026, 11:52:29 pm [32m    LOG[39m [38;5;3m[RouterExplorer] [39m[32mMapped {/api/v1/employees, POST} route[39m[38;5;3m +0ms[39m
[32m[Nest] 24896  - [39m04/09/2026, 11:52:29 pm [32m    LOG[39m [38;5;3m[RouterExplorer] [39m[32mMapped {/api/v1/employees/:id, GET} route[39m[38;5;3m +1ms[39m
[32m[Nest] 24896  - [39m04/09/2026, 11:52:29 pm [32m    LOG[39m [38;5;3m[RouterExplorer] [39m[32mMapped {/api/v1/employees/:id, PATCH} route[39m[38;5;3m +0ms[39m
[32m[Nest] 24896  - [39m04/09/2026, 11:52:29 pm [32m    LOG[39m [38;5;3m[RouterExplorer] [39m[32mMapped {/api/v1/employees/:id/activate, POST} route[39m[38;5;3m +1ms[39m
[32m[Nest] 24896  - [39m04/09/2026, 11:52:29 pm [32m    LOG[39m [38;5;3m[RouterExplorer] [39m[32mMapped {/api/v1/employees/:id/deactivate, POST} route[39m[38;5;3m +0ms[39m
[32m[Nest] 24896  - [39m04/09/2026, 11:52:29 pm [32m    LOG[39m [38;5;3m[RouterExplorer] [39m[32mMapped {/api/v1/employees/:id/reset-password, POST} route[39m[38;5;3m +0ms[39m
[32m[Nest] 24896  - [39m04/09/2026, 11:52:29 pm [32m    LOG[39m [38;5;3m[RoutesResolver] [39m[32mRolesController {/api/v1}:[39m[38;5;3m +0ms[39m
[32m[Nest] 24896  - [39m04/09/2026, 11:52:29 pm [32m    LOG[39m [38;5;3m[RouterExplorer] [39m[32mMapped {/api/v1/roles, GET} route[39m[38;5;3m +1ms[39m
[32m[Nest] 24896  - [39m04/09/2026, 11:52:29 pm [32m    LOG[39m [38;5;3m[RouterExplorer] [39m[32mMapped {/api/v1/permissions, GET} route[39m[38;5;3m +0ms[39m
[32m[Nest] 24896  - [39m04/09/2026, 11:52:29 pm [32m    LOG[39m [38;5;3m[RoutesResolver] [39m[32mCustomersController {/api/v1/customers}:[39m[38;5;3m +1ms[39m
[32m[Nest] 24896  - [39m04/09/2026, 11:52:29 pm [32m    LOG[39m [38;5;3m[RouterExplorer] [39m[32mMapped {/api/v1/customers, GET} route[39m[38;5;3m +0ms[39m
[32m[Nest] 24896  - [39m04/09/2026, 11:52:29 pm [32m    LOG[39m [38;5;3m[RouterExplorer] [39m[32mMapped {/api/v1/customers/lookup, GET} route[39m[38;5;3m +0ms[39m
[32m[Nest] 24896  - [39m04/09/2026, 11:52:29 pm [32m    LOG[39m [38;5;3m[RouterExplorer] [39m[32mMapped {/api/v1/customers, POST} route[39m[38;5;3m +1ms[39m
[32m[Nest] 24896  - [39m04/09/2026, 11:52:29 pm [32m    LOG[39m [38;5;3m[RouterExplorer] [39m[32mMapped {/api/v1/customers/:id, GET} route[39m[38;5;3m +0ms[39m
[32m[Nest] 24896  - [39m04/09/2026, 11:52:29 pm [32m    LOG[39m [38;5;3m[RouterExplorer] [39m[32mMapped {/api/v1/customers/:id, PATCH} route[39m[38;5;3m +0ms[39m
[32m[Nest] 24896  - [39m04/09/2026, 11:52:29 pm [32m    LOG[39m [38;5;3m[RouterExplorer] [39m[32mMapped {/api/v1/customers/:id/activate, POST} route[39m[38;5;3m +1ms[39m
[32m[Nest] 24896  - [39m04/09/2026, 11:52:29 pm [32m    LOG[39m [38;5;3m[RouterExplorer] [39m[32mMapped {/api/v1/customers/:id/deactivate, POST} route[39m[38;5;3m +0ms[39m
[32m[Nest] 24896  - [39m04/09/2026, 11:52:29 pm [32m    LOG[39m [38;5;3m[RouterExplorer] [39m[32mMapped {/api/v1/customers/:id/phones, POST} route[39m[38;5;3m +0ms[39m
[32m[Nest] 24896  - [39m04/09/2026, 11:52:29 pm [32m    LOG[39m [38;5;3m[RouterExplorer] [39m[32mMapped {/api/v1/customers/:id/phones/:phoneId, PATCH} route[39m[38;5;3m +0ms[39m
[32m[Nest] 24896  - [39m04/09/2026, 11:52:29 pm [32m    LOG[39m [38;5;3m[RouterExplorer] [39m[32mMapped {/api/v1/customers/:id/phones/:phoneId, DELETE} route[39m[38;5;3m +1ms[39m
[32m[Nest] 24896  - [39m04/09/2026, 11:52:29 pm [32m    LOG[39m [38;5;3m[RouterExplorer] [39m[32mMapped {/api/v1/customers/:id/locations, POST} route[39m[38;5;3m +0ms[39m
[32m[Nest] 24896  - [39m04/09/2026, 11:52:29 pm [32m    LOG[39m [38;5;3m[RouterExplorer] [39m[32mMapped {/api/v1/customers/:id/locations/:locationId, PATCH} route[39m[38;5;3m +0ms[39m
[32m[Nest] 24896  - [39m04/09/2026, 11:52:29 pm [32m    LOG[39m [38;5;3m[RouterExplorer] [39m[32mMapped {/api/v1/customers/:id/locations/:locationId, DELETE} route[39m[38;5;3m +1ms[39m
[32m[Nest] 24896  - [39m04/09/2026, 11:52:29 pm [32m    LOG[39m [38;5;3m[RouterExplorer] [39m[32mMapped {/api/v1/customers/:id/crops, POST} route[39m[38;5;3m +0ms[39m
[32m[Nest] 24896  - [39m04/09/2026, 11:52:29 pm [32m    LOG[39m [38;5;3m[RouterExplorer] [39m[32mMapped {/api/v1/customers/:id/crops/:customerCropId, PATCH} route[39m[38;5;3m +0ms[39m
[32m[Nest] 24896  - [39m04/09/2026, 11:52:29 pm [32m    LOG[39m [38;5;3m[RouterExplorer] [39m[32mMapped {/api/v1/customers/:id/crops/:customerCropId, DELETE} route[39m[38;5;3m +1ms[39m
[32m[Nest] 24896  - [39m04/09/2026, 11:52:29 pm [32m    LOG[39m [38;5;3m[RouterExplorer] [39m[32mMapped {/api/v1/customers/:id/notes, GET} route[39m[38;5;3m +0ms[39m
[32m[Nest] 24896  - [39m04/09/2026, 11:52:29 pm [32m    LOG[39m [38;5;3m[RouterExplorer] [39m[32mMapped {/api/v1/customers/:id/notes, POST} route[39m[38;5;3m +0ms[39m
[32m[Nest] 24896  - [39m04/09/2026, 11:52:29 pm [32m    LOG[39m [38;5;3m[RoutesResolver] [39m[32mCropsController {/api/v1/crops}:[39m[38;5;3m +1ms[39m
[32m[Nest] 24896  - [39m04/09/2026, 11:52:29 pm [32m    LOG[39m [38;5;3m[RouterExplorer] [39m[32mMapped {/api/v1/crops, GET} route[39m[38;5;3m +0ms[39m
[32m[Nest] 24896  - [39m04/09/2026, 11:52:29 pm [32m    LOG[39m [38;5;3m[RouterExplorer] [39m[32mMapped {/api/v1/crops, POST} route[39m[38;5;3m +0ms[39m
[32m[Nest] 24896  - [39m04/09/2026, 11:52:29 pm [32m    LOG[39m [38;5;3m[RouterExplorer] [39m[32mMapped {/api/v1/crops/:id, PATCH} route[39m[38;5;3m +1ms[39m
[32m[Nest] 24896  - [39m04/09/2026, 11:52:29 pm [32m    LOG[39m [38;5;3m[RoutesResolver] [39m[32mLeadsController {/api/v1/leads}:[39m[38;5;3m +0ms[39m
[32m[Nest] 24896  - [39m04/09/2026, 11:52:29 pm [32m    LOG[39m [38;5;3m[RouterExplorer] [39m[32mMapped {/api/v1/leads, GET} route[39m[38;5;3m +0ms[39m
[32m[Nest] 24896  - [39m04/09/2026, 11:52:29 pm [32m    LOG[39m [38;5;3m[RouterExplorer] [39m[32mMapped {/api/v1/leads, POST} route[39m[38;5;3m +1ms[39m
[32m[Nest] 24896  - [39m04/09/2026, 11:52:29 pm [32m    LOG[39m [38;5;3m[RouterExplorer] [39m[32mMapped {/api/v1/leads/:id, GET} route[39m[38;5;3m +0ms[39m
[32m[Nest] 24896  - [39m04/09/2026, 11:52:29 pm [32m    LOG[39m [38;5;3m[RouterExplorer] [39m[32mMapped {/api/v1/leads/:id, PATCH} route[39m[38;5;3m +0ms[39m
[32m[Nest] 24896  - [39m04/09/2026, 11:52:29 pm [32m    LOG[39m [38;5;3m[RouterExplorer] [39m[32mMapped {/api/v1/leads/:id/ownership-history, GET} route[39m[38;5;3m +0ms[39m
[32m[Nest] 24896  - [39m04/09/2026, 11:52:29 pm [32m    LOG[39m [38;5;3m[RouterExplorer] [39m[32mMapped {/api/v1/leads/:id/assign, POST} route[39m[38;5;3m +1ms[39m
[32m[Nest] 24896  - [39m04/09/2026, 11:52:29 pm [32m    LOG[39m [38;5;3m[RoutesResolver] [39m[32mCallsController {/api/v1/calls}:[39m[38;5;3m +0ms[39m
[32m[Nest] 24896  - [39m04/09/2026, 11:52:29 pm [32m    LOG[39m [38;5;3m[RouterExplorer] [39m[32mMapped {/api/v1/calls, POST} route[39m[38;5;3m +0ms[39m
[32m[Nest] 24896  - [39m04/09/2026, 11:52:29 pm [32m    LOG[39m [38;5;3m[RouterExplorer] [39m[32mMapped {/api/v1/calls/queue, GET} route[39m[38;5;3m +0ms[39m
[32m[Nest] 24896  - [39m04/09/2026, 11:52:29 pm [32m    LOG[39m [38;5;3m[RouterExplorer] [39m[32mMapped {/api/v1/calls/:id/context, GET} route[39m[38;5;3m +1ms[39m
[32m[Nest] 24896  - [39m04/09/2026, 11:52:29 pm [32m    LOG[39m [38;5;3m[RouterExplorer] [39m[32mMapped {/api/v1/calls/:id, GET} route[39m[38;5;3m +0ms[39m
[32m[Nest] 24896  - [39m04/09/2026, 11:52:29 pm [32m    LOG[39m [38;5;3m[RouterExplorer] [39m[32mMapped {/api/v1/calls/:id/end, POST} route[39m[38;5;3m +1ms[39m
[32m[Nest] 24896  - [39m04/09/2026, 11:52:29 pm [32m    LOG[39m [38;5;3m[RouterExplorer] [39m[32mMapped {/api/v1/calls/:id/notes, POST} route[39m[38;5;3m +0ms[39m
[32m[Nest] 24896  - [39m04/09/2026, 11:52:29 pm [32m    LOG[39m [38;5;3m[RouterExplorer] [39m[32mMapped {/api/v1/calls/:id/outcome, POST} route[39m[38;5;3m +1ms[39m
[32m[Nest] 24896  - [39m04/09/2026, 11:52:29 pm [32m    LOG[39m [38;5;3m[RoutesResolver] [39m[32mCustomerCallsController {/api/v1/customers}:[39m[38;5;3m +0ms[39m
[32m[Nest] 24896  - [39m04/09/2026, 11:52:29 pm [32m    LOG[39m [38;5;3m[RouterExplorer] [39m[32mMapped {/api/v1/customers/:id/calls, GET} route[39m[38;5;3m +0ms[39m
[32m[Nest] 24896  - [39m04/09/2026, 11:52:29 pm [32m    LOG[39m [38;5;3m[RoutesResolver] [39m[32mDialerWebhookController {/api/v1/dialer}:[39m[38;5;3m +0ms[39m
[32m[Nest] 24896  - [39m04/09/2026, 11:52:29 pm [32m    LOG[39m [38;5;3m[RouterExplorer] [39m[32mMapped {/api/v1/dialer/webhooks/:provider, POST} route[39m[38;5;3m +1ms[39m
[32m[Nest] 24896  - [39m04/09/2026, 11:52:29 pm [32m    LOG[39m [38;5;3m[RoutesResolver] [39m[32mFollowUpsController {/api/v1/follow-ups}:[39m[38;5;3m +0ms[39m
[32m[Nest] 24896  - [39m04/09/2026, 11:52:29 pm [32m    LOG[39m [38;5;3m[RouterExplorer] [39m[32mMapped {/api/v1/follow-ups, GET} route[39m[38;5;3m +0ms[39m
[32m[Nest] 24896  - [39m04/09/2026, 11:52:29 pm [32m    LOG[39m [38;5;3m[RouterExplorer] [39m[32mMapped {/api/v1/follow-ups/:id/complete, POST} route[39m[38;5;3m +1ms[39m
[32m[Nest] 24896  - [39m04/09/2026, 11:52:29 pm [32m    LOG[39m [38;5;3m[RoutesResolver] [39m[32mRelationshipController {/api/v1/relationship}:[39m[38;5;3m +0ms[39m
[32m[Nest] 24896  - [39m04/09/2026, 11:52:29 pm [32m    LOG[39m [38;5;3m[RouterExplorer] [39m[32mMapped {/api/v1/relationship/customers, GET} route[39m[38;5;3m +0ms[39m
[32m[Nest] 24896  - [39m04/09/2026, 11:52:29 pm [32m    LOG[39m [38;5;3m[RouterExplorer] [39m[32mMapped {/api/v1/relationship/holders, GET} route[39m[38;5;3m +0ms[39m
[32m[Nest] 24896  - [39m04/09/2026, 11:52:29 pm [32m    LOG[39m [38;5;3m[RouterExplorer] [39m[32mMapped {/api/v1/relationship/customers/:customerId/assign, POST} route[39m[38;5;3m +1ms[39m
[32m[Nest] 24896  - [39m04/09/2026, 11:52:29 pm [32m    LOG[39m [38;5;3m[RouterExplorer] [39m[32mMapped {/api/v1/relationship/customers/:customerId/release, POST} route[39m[38;5;3m +0ms[39m
[32m[Nest] 24896  - [39m04/09/2026, 11:52:29 pm [32m    LOG[39m [38;5;3m[RoutesResolver] [39m[32mDashboardController {/api/v1/dashboard}:[39m[38;5;3m +0ms[39m
[32m[Nest] 24896  - [39m04/09/2026, 11:52:29 pm [32m    LOG[39m [38;5;3m[RouterExplorer] [39m[32mMapped {/api/v1/dashboard/summary, GET} route[39m[38;5;3m +0ms[39m
[32m[Nest] 24896  - [39m04/09/2026, 11:52:29 pm [32m    LOG[39m [38;5;3m[RouterExplorer] [39m[32mMapped {/api/v1/dashboard/pipeline, GET} route[39m[38;5;3m +1ms[39m
[32m[Nest] 24896  - [39m04/09/2026, 11:52:29 pm [32m    LOG[39m [38;5;3m[RoutesResolver] [39m[32mAssistantController {/api/v1/assistant}:[39m[38;5;3m +0ms[39m
[32m[Nest] 24896  - [39m04/09/2026, 11:52:29 pm [32m    LOG[39m [38;5;3m[RouterExplorer] [39m[32mMapped {/api/v1/assistant/chat, POST} route[39m[38;5;3m +0ms[39m
[32m[Nest] 24896  - [39m04/09/2026, 11:52:29 pm [32m    LOG[39m [38;5;3m[RouterExplorer] [39m[32mMapped {/api/v1/assistant/guidance, GET} route[39m[38;5;3m +0ms[39m
[32m[Nest] 24896  - [39m04/09/2026, 11:52:29 pm [32m    LOG[39m [38;5;3m[RouterExplorer] [39m[32mMapped {/api/v1/assistant/guidance, POST} route[39m[38;5;3m +1ms[39m
[32m[Nest] 24896  - [39m04/09/2026, 11:52:29 pm [32m    LOG[39m [38;5;3m[RouterExplorer] [39m[32mMapped {/api/v1/assistant/guidance/:id, PATCH} route[39m[38;5;3m +0ms[39m
[32m[Nest] 24896  - [39m04/09/2026, 11:52:29 pm [32m    LOG[39m [38;5;3m[RoutesResolver] [39m[32mHealthController {/api/v1/health}:[39m[38;5;3m +0ms[39m
[32m[Nest] 24896  - [39m04/09/2026, 11:52:29 pm [32m    LOG[39m [38;5;3m[RouterExplorer] [39m[32mMapped {/api/v1/health, GET} route[39m[38;5;3m +0ms[39m
[32m[Nest] 24896  - [39m04/09/2026, 11:52:29 pm [32m    LOG[39m [38;5;3m[NestApplication] [39m[32mNest application successfully started[39m[38;5;3m +57ms[39m
API listening on http://localhost:3000/api/v1 — docs at http://localhost:3000/api/docs
