
> @grotec/web@0.1.0 dev
> vite --host 127.0.0.1


  [32m[1mVITE[22m v5.4.21[39m  [2mready in [0m[1m561[22m[2m[0m ms[22m

  [32m➜[39m  [1mLocal[22m:   [36mhttp://127.0.0.1:[1m5173[22m/[39m
[2m3:23:32 pm[22m [36m[1m[vite][22m[39m [32mhmr update [39m[2m/src/pages/TeamPage.tsx, /src/index.css, /src/pages/CropsPage.tsx, /src/pages/KnowledgeBasePage.tsx[22m
[2m3:23:41 pm[22m [36m[1m[vite][22m[39m [32mhmr update [39m[2m/src/pages/TeamPage.tsx, /src/index.css, /src/pages/CropsPage.tsx, /src/pages/KnowledgeBasePage.tsx[22m
[2m3:33:51 pm[22m [36m[1m[vite][22m[39m [32mhmr update [39m[2m/src/pages/DashboardPage.tsx, /src/index.css[22m
[2m3:33:55 pm[22m [36m[1m[vite][22m[39m [32mhmr update [39m[2m/src/pages/DashboardPage.tsx, /src/index.css[22m
[2m3:34:04 pm[22m [36m[1m[vite][22m[39m [32mhmr update [39m[2m/src/pages/Shell.tsx, /src/index.css[22m
[2m3:34:11 pm[22m [36m[1m[vite][22m[39m [32mhmr update [39m[2m/src/pages/LoginPage.tsx, /src/index.css[22m
[2m3:38:10 pm[22m [36m[1m[vite][22m[39m [32mhmr update [39m[2m/src/pages/hrms/AttendancePage.tsx, /src/index.css[22m
[2m3:38:15 pm[22m [36m[1m[vite][22m[39m [32mhmr update [39m[2m/src/pages/hrms/HrmsDashboardPage.tsx, /src/index.css[22m
[2m4:07:26 pm[22m [36m[1m[vite][22m[39m [32mhmr update [39m[2m/src/pages/TeamPage.tsx, /src/index.css, /src/pages/CropsPage.tsx, /src/pages/KnowledgeBasePage.tsx[22m
[2m4:07:35 pm[22m [36m[1m[vite][22m[39m [32mhmr update [39m[2m/src/pages/TeamPage.tsx, /src/index.css, /src/pages/CropsPage.tsx, /src/pages/KnowledgeBasePage.tsx[22m
[2m4:07:45 pm[22m [36m[1m[vite][22m[39m [32mhmr update [39m[2m/src/pages/TeamPage.tsx, /src/index.css, /src/pages/CropsPage.tsx, /src/pages/KnowledgeBasePage.tsx[22m
[2m4:12:48 pm[22m [36m[1m[vite][22m[39m [32mhmr update [39m[2m/src/pages/TeamPage.tsx, /src/index.css, /src/pages/CropsPage.tsx, /src/pages/KnowledgeBasePage.tsx[22m
[2m4:14:30 pm[22m [36m[1m[vite][22m[39m [32mhmr update [39m[2m/src/pages/TeamPage.tsx, /src/index.css, /src/pages/CropsPage.tsx, /src/pages/KnowledgeBasePage.tsx[22m
[2m4:15:28 pm[22m [36m[1m[vite][22m[39m [32mhmr update [39m[2m/src/pages/TeamPage.tsx, /src/index.css, /src/pages/CropsPage.tsx, /src/pages/KnowledgeBasePage.tsx[22m
[2m4:15:43 pm[22m [36m[1m[vite][22m[39m [32mhmr update [39m[2m/src/pages/TeamPage.tsx, /src/index.css, /src/pages/CropsPage.tsx, /src/pages/KnowledgeBasePage.tsx[22m
[2m4:39:46 pm[22m [36m[1m[vite][22m[39m [32mhmr update [39m[2m/src/pages/TeamPage.tsx, /src/index.css, /src/pages/CropsPage.tsx, /src/pages/KnowledgeBasePage.tsx[22m
[2m4:40:03 pm[22m [36m[1m[vite][22m[39m [32mhmr update [39m[2m/src/pages/TeamPage.tsx, /src/index.css, /src/pages/CropsPage.tsx, /src/pages/KnowledgeBasePage.tsx[22m
[2m4:40:10 pm[22m [36m[1m[vite][22m[39m [32mhmr update [39m[2m/src/pages/TeamPage.tsx, /src/index.css, /src/pages/CropsPage.tsx, /src/pages/KnowledgeBasePage.tsx[22m
[2m4:40:39 pm[22m [36m[1m[vite][22m[39m [32mhmr update [39m[2m/src/pages/TeamPage.tsx, /src/index.css, /src/pages/CropsPage.tsx, /src/pages/KnowledgeBasePage.tsx[22m
[2m4:54:05 pm[22m [36m[1m[vite][22m[39m [32mhmr update [39m[2m/src/pages/hrms/HrmsDashboardPage.tsx, /src/index.css[22m
